
> attendance-system-backend@1.0.0 build
> nest build

Found 313 error(s).

