
> attendance-system-backend@1.0.0 build
> nest build

Found 1637 error(s).

