src/modules/ai-chat/security/action-executor.service.ts(76,21): error TS2561: Object literal may only specify known properties, but 'approvedById' does not exist in type '(Without<LeaveRequestUpdateInput, LeaveRequestUncheckedUpdateInput> & LeaveRequestUncheckedUpdateInput) | (Without<...> & LeaveRequestUpdateInput)'. Did you mean to write 'approverId'?
src/modules/ai-chat/security/action-executor.service.ts(81,21): error TS2353: Object literal may only specify known properties, and 'leaveType' does not exist in type 'LeaveRequestInclude<DefaultArgs>'.
src/modules/ai-chat/security/action-executor.service.ts(85,92): error TS2339: Property 'user' does not exist on type '{ id: string; createdAt: Date; updatedAt: Date; status: LeaveStatus; companyId: string | null; type: LeaveType; endDate: Date; startDate: Date; ... 25 more ...; leaveTypeConfigId: string | null; }'.
src/modules/ai-chat/security/action-executor.service.ts(85,116): error TS2339: Property 'user' does not exist on type '{ id: string; createdAt: Date; updatedAt: Date; status: LeaveStatus; companyId: string | null; type: LeaveType; endDate: Date; startDate: Date; ... 25 more ...; leaveTypeConfigId: string | null; }'.
src/modules/ai-chat/security/action-executor.service.ts(89,59): error TS2339: Property 'user' does not exist on type '{ id: string; createdAt: Date; updatedAt: Date; status: LeaveStatus; companyId: string | null; type: LeaveType; endDate: Date; startDate: Date; ... 25 more ...; leaveTypeConfigId: string | null; }'.
src/modules/ai-chat/security/action-executor.service.ts(89,83): error TS2339: Property 'user' does not exist on type '{ id: string; createdAt: Date; updatedAt: Date; status: LeaveStatus; companyId: string | null; type: LeaveType; endDate: Date; startDate: Date; ... 25 more ...; leaveTypeConfigId: string | null; }'.
src/modules/ai-chat/security/action-executor.service.ts(89,107): error TS2339: Property 'leaveType' does not exist on type '{ id: string; createdAt: Date; updatedAt: Date; status: LeaveStatus; companyId: string | null; type: LeaveType; endDate: Date; startDate: Date; ... 25 more ...; leaveTypeConfigId: string | null; }'.
src/modules/ai-chat/security/action-executor.service.ts(124,21): error TS2353: Object literal may only specify known properties, and 'rejectedById' does not exist in type '(Without<LeaveRequestUpdateInput, LeaveRequestUncheckedUpdateInput> & LeaveRequestUncheckedUpdateInput) | (Without<...> & LeaveRequestUpdateInput)'.
src/modules/ai-chat/security/action-executor.service.ts(136,50): error TS2339: Property 'user' does not exist on type '{ id: string; createdAt: Date; updatedAt: Date; status: LeaveStatus; companyId: string | null; type: LeaveType; endDate: Date; startDate: Date; ... 25 more ...; leaveTypeConfigId: string | null; }'.
src/modules/ai-chat/security/action-executor.service.ts(136,74): error TS2339: Property 'user' does not exist on type '{ id: string; createdAt: Date; updatedAt: Date; status: LeaveStatus; companyId: string | null; type: LeaveType; endDate: Date; startDate: Date; ... 25 more ...; leaveTypeConfigId: string | null; }'.
src/modules/ai-chat/security/action-executor.service.ts(170,21): error TS2353: Object literal may only specify known properties, and 'approvedById' does not exist in type '(Without<AdvanceRequestUpdateInput, AdvanceRequestUncheckedUpdateInput> & AdvanceRequestUncheckedUpdateInput) | (Without<...> & AdvanceRequestUpdateInput)'.
src/modules/ai-chat/security/action-executor.service.ts(182,60): error TS2339: Property 'user' does not exist on type '{ id: string; createdAt: Date; updatedAt: Date; status: string; companyId: string | null; type: AdvanceType; endDate: Date; startDate: Date; amount: Decimal; ... 24 more ...; ceoApproverId: string | null; }'.
src/modules/ai-chat/security/action-executor.service.ts(182,86): error TS2339: Property 'user' does not exist on type '{ id: string; createdAt: Date; updatedAt: Date; status: string; companyId: string | null; type: AdvanceType; endDate: Date; startDate: Date; amount: Decimal; ... 24 more ...; ceoApproverId: string | null; }'.
src/modules/ai-chat/security/action-executor.service.ts(182,139): error TS2554: Expected 0 arguments, but got 1.
src/modules/ai-chat/security/action-executor.service.ts(215,84): error TS2339: Property 'checkIn' does not exist on type '{ id: string; createdAt: Date; updatedAt: Date; status: AttendanceStatus; companyId: string | null; branchId: string; notes: string | null; lateMinutes: number; ... 19 more ...; userId: string; }'.
src/modules/ai-chat/security/action-executor.service.ts(224,21): error TS2353: Object literal may only specify known properties, and 'checkIn' does not exist in type 'Without<AttendanceCreateInput, AttendanceUncheckedCreateInput> & AttendanceUncheckedCreateInput'.
src/modules/ai-chat/security/action-executor.service.ts(259,21): error TS2353: Object literal may only specify known properties, and 'checkOut' does not exist in type 'AttendanceWhereInput'.
src/modules/ai-chat/security/action-executor.service.ts(274,21): error TS2353: Object literal may only specify known properties, and 'checkOut' does not exist in type '(Without<AttendanceUpdateInput, AttendanceUncheckedUpdateInput> & AttendanceUncheckedUpdateInput) | (Without<...> & AttendanceUpdateInput)'.
src/modules/ai-chat/security/action-executor.service.ts(278,51): error TS2339: Property 'checkOut' does not exist on type '{ id: string; createdAt: Date; updatedAt: Date; status: AttendanceStatus; companyId: string | null; branchId: string; notes: string | null; lateMinutes: number; ... 19 more ...; userId: string; }'.
src/modules/ai-chat/security/action-executor.service.ts(278,81): error TS2339: Property 'checkIn' does not exist on type '{ id: string; createdAt: Date; updatedAt: Date; status: AttendanceStatus; companyId: string | null; branchId: string; notes: string | null; lateMinutes: number; ... 19 more ...; userId: string; }'.
src/modules/ai-chat/security/action-executor.service.ts(308,49): error TS2339: Property 'leaveType' does not exist on type 'PrismaService'.
src/modules/ai-chat/security/action-executor.service.ts(331,21): error TS2353: Object literal may only specify known properties, and 'leaveTypeId' does not exist in type 'Without<LeaveRequestCreateInput, LeaveRequestUncheckedCreateInput> & LeaveRequestUncheckedCreateInput'.
src/modules/ai-chat/security/action-executor.service.ts(431,21): error TS2353: Object literal may only specify known properties, and 'leaveType' does not exist in type 'LeaveRequestInclude<DefaultArgs>'.
src/modules/ai-chat/security/action-executor.service.ts(447,32): error TS2339: Property 'user' does not exist on type '{ id: string; createdAt: Date; updatedAt: Date; status: LeaveStatus; companyId: string | null; type: LeaveType; endDate: Date; startDate: Date; ... 25 more ...; leaveTypeConfigId: string | null; }'.
src/modules/ai-chat/security/action-executor.service.ts(447,52): error TS2339: Property 'user' does not exist on type '{ id: string; createdAt: Date; updatedAt: Date; status: LeaveStatus; companyId: string | null; type: LeaveType; endDate: Date; startDate: Date; ... 25 more ...; leaveTypeConfigId: string | null; }'.
src/modules/ai-chat/security/action-executor.service.ts(447,73): error TS2339: Property 'leaveType' does not exist on type '{ id: string; createdAt: Date; updatedAt: Date; status: LeaveStatus; companyId: string | null; type: LeaveType; endDate: Date; startDate: Date; ... 25 more ...; leaveTypeConfigId: string | null; }'.
src/modules/ai-chat/security/action-executor.service.ts(501,21): error TS2561: Object literal may only specify known properties, but 'approvedById' does not exist in type '(Without<LeaveRequestUpdateManyMutationInput, LeaveRequestUncheckedUpdateManyInput> & LeaveRequestUncheckedUpdateManyInput) | (Without<...> & LeaveRequestUpdateManyMutationInput)'. Did you mean to write 'approverId'?
src/modules/ai-chat/security/system-context-builder.service.ts(175,17): error TS2561: Object literal may only specify known properties, but 'employeeId' does not exist in type 'UserSelect<DefaultArgs>'. Did you mean to write 'employees'?
src/modules/ai-chat/security/system-context-builder.service.ts(189,28): error TS2551: Property 'department' does not exist on type '{ id: string; phone: string | null; email: string; createdAt: Date; updatedAt: Date; password: string; firstName: string; lastName: string; avatar: string | null; employeeCode: string | null; ... 32 more ...; roleLevelId: string | null; }'. Did you mean 'departmentId'?
src/modules/ai-chat/security/system-context-builder.service.ts(415,23): error TS2561: Object literal may only specify known properties, but 'employeeId' does not exist in type 'UserWhereInput'. Did you mean to write 'employees'?
src/modules/ai-chat/security/system-context-builder.service.ts(432,14): error TS2551: Property 'department' does not exist on type '{ id: string; phone: string | null; email: string; createdAt: Date; updatedAt: Date; password: string; firstName: string; lastName: string; avatar: string | null; employeeCode: string | null; ... 32 more ...; roleLevelId: string | null; }'. Did you mean 'departmentId'?
src/modules/ai-chat/security/system-context-builder.service.ts(433,14): error TS2551: Property 'branch' does not exist on type '{ id: string; phone: string | null; email: string; createdAt: Date; updatedAt: Date; password: string; firstName: string; lastName: string; avatar: string | null; employeeCode: string | null; ... 32 more ...; roleLevelId: string | null; }'. Did you mean 'branchId'?
src/modules/ai-chat/security/system-context-builder.service.ts(468,25): error TS2339: Property 'shift' does not exist on type 'PrismaService'.
src/modules/ai-chat/security/system-context-builder.service.ts(496,25): error TS2353: Object literal may only specify known properties, and 'user' does not exist in type 'PayslipWhereInput'.
src/modules/ai-chat/security/system-context-builder.service.ts(501,25): error TS2353: Object literal may only specify known properties, and 'user' does not exist in type 'PayslipWhereInput'.
